_XSERVTransmkdir: Owner of /tmp/.X11-unix should be set to root
The XKEYBOARD keymap compiler (xkbcomp) reports:
> Warning:          Could not resolve keysym XF86RefreshRateToggle
> Warning:          Could not resolve keysym XF86Accessibility
> Warning:          Could not resolve keysym XF86DoNotDisturb
Errors from xkbcomp are not fatal to the X server
sh: 1: .xinitrc: not found
The XKEYBOARD keymap compiler (xkbcomp) reports:
> Warning:          Could not resolve keysym XF86RefreshRateToggle
> Warning:          Could not resolve keysym XF86Accessibility
> Warning:          Could not resolve keysym XF86DoNotDisturb
Errors from xkbcomp are not fatal to the X server
The XKEYBOARD keymap compiler (xkbcomp) reports:
> Warning:          Could not resolve keysym XF86RefreshRateToggle
> Warning:          Could not resolve keysym XF86Accessibility
> Warning:          Could not resolve keysym XF86DoNotDisturb
Errors from xkbcomp are not fatal to the X server
The XKEYBOARD keymap compiler (xkbcomp) reports:
> Warning:          Could not resolve keysym XF86RefreshRateToggle
> Warning:          Could not resolve keysym XF86Accessibility
> Warning:          Could not resolve keysym XF86DoNotDisturb
Errors from xkbcomp are not fatal to the X server
(EE) Failed to open authorization file "/tmp/.xas601132589.RHbhKI": No such file or directory
The XKEYBOARD keymap compiler (xkbcomp) reports:
> Warning:          Could not resolve keysym XF86RefreshRateToggle
> Warning:          Could not resolve keysym XF86Accessibility
> Warning:          Could not resolve keysym XF86DoNotDisturb
Errors from xkbcomp are not fatal to the X server
(EE) Failed to open authorization file "/tmp/.xas601132589.RHbhKI": No such file or directory
The XKEYBOARD keymap compiler (xkbcomp) reports:
> Warning:          Could not resolve keysym XF86RefreshRateToggle
> Warning:          Could not resolve keysym XF86Accessibility
> Warning:          Could not resolve keysym XF86DoNotDisturb
Errors from xkbcomp are not fatal to the X server
_XSERVTransmkdir: Owner of /tmp/.X11-unix should be set to root
The XKEYBOARD keymap compiler (xkbcomp) reports:
> Warning:          Could not resolve keysym XF86RefreshRateToggle
> Warning:          Could not resolve keysym XF86Accessibility
> Warning:          Could not resolve keysym XF86DoNotDisturb
Errors from xkbcomp are not fatal to the X server
sh: 1: .xinitrc: not found
The XKEYBOARD keymap compiler (xkbcomp) reports:
> Warning:          Could not resolve keysym XF86RefreshRateToggle
> Warning:          Could not resolve keysym XF86Accessibility
> Warning:          Could not resolve keysym XF86DoNotDisturb
Errors from xkbcomp are not fatal to the X server
(EE) Failed to open authorization file "/tmp/.xas601132589.RHbhKI": No such file or directory
The XKEYBOARD keymap compiler (xkbcomp) reports:
> Warning:          Could not resolve keysym XF86RefreshRateToggle
> Warning:          Could not resolve keysym XF86Accessibility
> Warning:          Could not resolve keysym XF86DoNotDisturb
Errors from xkbcomp are not fatal to the X server
(EE) Failed to open authorization file "/tmp/.xas601132589.RHbhKI": No such file or directory
(EE) Failed to open authorization file "/tmp/.xas709024670.kJHkAV": No such file or directory
The XKEYBOARD keymap compiler (xkbcomp) reports:
> Warning:          Could not resolve keysym XF86RefreshRateToggle
> Warning:          Could not resolve keysym XF86Accessibility
> Warning:          Could not resolve keysym XF86DoNotDisturb
Errors from xkbcomp are not fatal to the X server
The XKEYBOARD keymap compiler (xkbcomp) reports:
> Warning:          Could not resolve keysym XF86RefreshRateToggle
> Warning:          Could not resolve keysym XF86Accessibility
> Warning:          Could not resolve keysym XF86DoNotDisturb
Errors from xkbcomp are not fatal to the X server
(EE) Failed to open authorization file "/tmp/.xas709024670.kJHkAV": No such file or directory
The XKEYBOARD keymap compiler (xkbcomp) reports:
> Warning:          Could not resolve keysym XF86RefreshRateToggle
> Warning:          Could not resolve keysym XF86Accessibility
> Warning:          Could not resolve keysym XF86DoNotDisturb
Errors from xkbcomp are not fatal to the X server
_XSERVTransmkdir: Owner of /tmp/.X11-unix should be set to root
The XKEYBOARD keymap compiler (xkbcomp) reports:
> Warning:          Could not resolve keysym XF86RefreshRateToggle
> Warning:          Could not resolve keysym XF86Accessibility
> Warning:          Could not resolve keysym XF86DoNotDisturb
Errors from xkbcomp are not fatal to the X server
sh: 1: .xinitrc: not found
